../Core/Src/ili9341.c:66:6:ILI9341_Init	8	static
../Core/Src/ili9341.c:188:6:ILI9341_SetWindow	24	static
../Core/Src/ili9341.c:205:6:ILI9341_WritePixel	24	static
../Core/Src/ili9341.c:219:6:ILI9341_WriteRect	32	static
../Core/Src/ili9341.c:227:13:ConvHL	24	static
../Core/Src/ili9341.c:242:6:ILI9341_DrawBitmap	16	static
../Core/Src/ili9341.c:263:6:ILI9341_EndOfDrawBitmap	4	static
../Core/Src/ili9341.c:272:6:ILI9341_Reset	8	static
../Core/Src/ili9341.c:282:6:ILI9341_SoftReset	16	static
../Core/Src/ili9341.c:293:6:LCD_WR_REG	16	static
../Core/Src/ili9341.c:301:13:LCD_WR_DATA	16	static
../Core/Src/ili9341.c:309:6:LCD_IO_WriteMultipleData	16	static
../Core/Src/ili9341.c:328:13:LCD_direction	16	static
../Core/Src/ili9341.c:350:13:RESET_L	8	static
../Core/Src/ili9341.c:355:13:RESET_H	8	static
../Core/Src/ili9341.c:360:13:CS_L	8	static
../Core/Src/ili9341.c:365:13:DC_L	8	static
../Core/Src/ili9341.c:370:13:DC_H	8	static
../Core/Src/ili9341.c:375:13:LED_H	4	static
