../Core/Src/main.c:126:5:main	8	static
../Core/Src/main.c:231:6:SystemClock_Config	88	static
../Core/Src/main.c:286:13:MX_CRC_Init	8	static
../Core/Src/main.c:312:13:MX_SPI2_Init	8	static
../Core/Src/main.c:350:13:MX_SPI3_Init	8	static
../Core/Src/main.c:388:13:MX_TIM2_Init	32	static
../Core/Src/main.c:433:13:MX_TIM3_Init	32	static
../Core/Src/main.c:478:13:MX_USART1_UART_Init	8	static
../Core/Src/main.c:511:13:MX_USART2_UART_Init	8	static
../Core/Src/main.c:542:13:MX_DMA_Init	16	static
../Core/Src/main.c:560:13:MX_GPIO_Init	48	static
../Core/Src/main.c:622:6:__io_putchar	16	static
../Core/Src/main.c:628:5:__io_getchar	16	static
../Core/Src/main.c:640:5:_writex	24	static
../Core/Src/main.c:648:5:_readx	24	static
../Core/Src/main.c:665:6:StartTaskGUI	16	static
../Core/Src/main.c:690:6:StartTaskEsp32	24	static
../Core/Src/main.c:741:6:StartTaskWave	16	static
../Core/Src/main.c:769:6:HAL_TIM_PeriodElapsedCallback	16	static
../Core/Src/main.c:799:6:Error_Handler	4	static,ignoring_inline_asm
